442_weapons\clones\dc15a\data\dc15a\kobra_dc15a.png
442_weapons\clones\dc15a\data\dc15a\kobra_dc15a_desert.png
442_weapons\clones\dc15a\data\dc15a\kobra_dc15a_dukas.png
442_weapons\clones\dc15a\data\dc15a\kobra_dc15a_kamui.png
442_weapons\clones\dc15a\data\dc15a\kobra_dc15a_snow.png
442_weapons\clones\dc15a\data\dc15a\kobra_dc15a_woodland.png
442_weapons\clones\dc15a\data\dc15a\kobra_ubgl.png
442_weapons\clones\dc15a\data\dc15a\kobra_ubgl_desert.png
442_weapons\clones\dc15a\data\dc15a\kobra_ubgl_kamui.png
442_weapons\clones\dc15a\data\dc15a\kobra_ubgl_snow.png
442_weapons\clones\dc15a\data\dc15a\kobra_ubgl_woodland.png
442_weapons\clones\dc15a\data\dc15a\kobra_ubsg.png
442_weapons\clones\dc15a\data\dc15a\kobra_ubsg_desert.png
442_weapons\clones\dc15a\data\dc15a\kobra_ubsg_dukas.png
442_weapons\clones\dc15a\data\dc15a\kobra_ubsg_snow.png
442_weapons\clones\dc15a\data\dc15a\kobra_ubsg_woodland.png
442_weapons\clones\dc15a\data\dc15a_lite\kobra_dc15a_lite.png
442_weapons\clones\dc15a\data\dc15a_lite\kobra_dc15a_lite_desert.png
442_weapons\clones\dc15a\data\dc15a_lite\kobra_dc15a_lite_snow.png
442_weapons\clones\dc15a\data\dc15a_lite\kobra_dc15a_lite_woodland.png
442_weapons\clones\dc15a\data\dc15a_marksman\kobra_dc15a_marksman.png
442_weapons\clones\dc15a\data\dc15a_marksman\kobra_dc15a_marksman_desert.png
442_weapons\clones\dc15a\data\dc15a_marksman\kobra_dc15a_marksman_snow.png
442_weapons\clones\dc15a\data\dc15a_marksman\kobra_dc15a_marksman_woodland.png
442_weapons\clones\dc15a\data\dc15a_mg\kobra_dc15a_mg.png
442_weapons\clones\dc15a\data\dc15a_mg\kobra_dc15a_mg_desert.png
442_weapons\clones\dc15a\data\dc15a_mg\kobra_dc15a_mg_snow.png
442_weapons\clones\dc15a\data\dc15a_mg\kobra_dc15a_mg_woodland.png
442_weapons\clones\dc15a\data\dc15a_training\kobra_dc15a_blue.png
442_weapons\clones\dc15a\data\dc15a_training\kobra_dc15a_green.png
442_weapons\clones\dc15a\data\dc15a_training\kobra_dc15a_red.png
442_weapons\clones\dc15a\data\dc15a_training\kobra_dc15a_yellow.png
442_weapons\clones\dc15a\data\optic\dc15a_optic_blue_ca.png
442_weapons\clones\dc15a\data\optic\dc15a_optic_green_ca.png
442_weapons\clones\dc15a\data\optic\dc15a_optic_red_ca.png
442_weapons\clones\dc15a\data\optic\dc15a_optic_yellow_ca.png
442_weapons\clones\dc15a\data\optic\training_blue.png
442_weapons\clones\dc15a\data\optic\training_green.png
442_weapons\clones\dc15a\data\optic\training_red.png
442_weapons\clones\dc15a\data\optic\training_yellow.png
442_weapons\clones\dc15s\data\kobra_dc15s.png
442_weapons\clones\dc15s\data\kobra_dc15s_blue.png
442_weapons\clones\dc15s\data\kobra_dc15s_desert.png
442_weapons\clones\dc15s\data\kobra_dc15s_green.png
442_weapons\clones\dc15s\data\kobra_dc15s_red.png
442_weapons\clones\dc15s\data\kobra_dc15s_snow.png
442_weapons\clones\dc15s\data\kobra_dc15s_woodland.png
442_weapons\clones\dc15s\data\kobra_dc15s_yellow.png
442_weapons\clones\dc15x\data\kobra_dc15x.png
442_weapons\clones\dc15x\data\kobra_dc15x_desert.png
442_weapons\clones\dc15x\data\kobra_dc15x_snow.png
442_weapons\clones\dc15x\data\kobra_dc15x_woodland.png
442_weapons\clones\dc17\data\kobra_dc17.png
442_weapons\clones\dc17\data\kobra_dc17_desert.png
442_weapons\clones\dc17\data\kobra_dc17_snow.png
442_weapons\clones\dc17\data\kobra_dc17_woodland.png
442_weapons\clones\gl\data\kobra_gl.png
442_weapons\clones\gl\data\kobra_gl_desert.png
442_weapons\clones\gl\data\kobra_gl_snow.png
442_weapons\clones\gl\data\kobra_gl_woodland.png
442_weapons\clones\rps6\data\kobra_rps6.png
442_weapons\clones\westar_m5\data\kobra_westarm5.png
442_weapons\clones\westar_m5\data\kobra_westarm5_desert.png
442_weapons\clones\westar_m5\data\kobra_westarm5_scope.png
442_weapons\clones\westar_m5\data\kobra_westarm5_scope_desert.png
442_weapons\clones\westar_m5\data\kobra_westarm5_scope_snow.png
442_weapons\clones\westar_m5\data\kobra_westarm5_scope_woodland.png
442_weapons\clones\westar_m5\data\kobra_westarm5_snow.png
442_weapons\clones\westar_m5\data\kobra_westarm5_woodland.png
442_weapons\clones\z6\data\kobra_e6z.png
442_weapons\clones\z6\data\kobra_z6.png
442_weapons\clones\z6\data\kobra_z6_desert.png
442_weapons\clones\z6\data\kobra_z6_snow.png
442_weapons\clones\z6\data\kobra_z6_woodland.png
